#separator \x09
#set_separator	,
#empty_field	(empty)
#unset_field	-
#path	telemetry
#open	2026-05-04-19-26-05
#fields	ts	peer	metric_type	name	labels	label_values	value
#types	time	string	string	string	vector[string]	vector[string]	double
1777922765.955853	zeek	counter	zeek_log_stream_writes_total	module,stream	LoadedScripts,LoadedScripts::LOG	538.0
1777922765.955853	zeek	counter	zeek_log_stream_writes_total	module,stream	PacketFilter,PacketFilter::LOG	1.0
1777922765.955853	zeek	counter	zeek_log_writer_writes_total	filter_name,module,path,stream,writer	default,LoadedScripts,loaded_scripts,LoadedScripts::LOG,Log::WRITER_ASCII	538.0
1777922765.955853	zeek	counter	zeek_log_writer_writes_total	filter_name,module,path,stream,writer	default,PacketFilter,packet_filter,PacketFilter::LOG,Log::WRITER_ASCII	1.0
1777922765.955853	zeek	counter	zeek_log_writer_discarded_writes_total	filter_name,module,path,stream,writer	default,LoadedScripts,loaded_scripts,LoadedScripts::LOG,Log::WRITER_ASCII	0.0
1777922765.955853	zeek	counter	zeek_log_writer_discarded_writes_total	filter_name,module,path,stream,writer	default,PacketFilter,packet_filter,PacketFilter::LOG,Log::WRITER_ASCII	0.0
1777922765.955853	zeek	counter	zeek_log_writer_truncated_string_fields_total	filter_name,module,path,stream,writer	default,LoadedScripts,loaded_scripts,LoadedScripts::LOG,Log::WRITER_ASCII	0.0
1777922765.955853	zeek	counter	zeek_log_writer_truncated_string_fields_total	filter_name,module,path,stream,writer	default,PacketFilter,packet_filter,PacketFilter::LOG,Log::WRITER_ASCII	0.0
1777922765.955853	zeek	counter	zeek_log_writer_truncated_containers_total	filter_name,module,path,stream,writer	default,LoadedScripts,loaded_scripts,LoadedScripts::LOG,Log::WRITER_ASCII	0.0
1777922765.955853	zeek	counter	zeek_log_writer_truncated_containers_total	filter_name,module,path,stream,writer	default,PacketFilter,packet_filter,PacketFilter::LOG,Log::WRITER_ASCII	0.0
1777922765.955853	zeek	counter	zeek_net_received_bytes_total	(empty)	(empty)	42.0
1777922765.955853	zeek	counter	zeek_net_received_packets_total	(empty)	(empty)	1.0
1777922765.955853	zeek	counter	zeek_net_dropped_packets_total	(empty)	(empty)	0.0
1777922765.955853	zeek	counter	zeek_net_link_packets_total	(empty)	(empty)	1.0
1777922765.955853	zeek	counter	zeek_msgthread_threads_total	(empty)	(empty)	2.0
1777922765.955853	zeek	counter	zeek_msgthread_in_messages_total	(empty)	(empty)	4.0
1777922765.955853	zeek	counter	zeek_msgthread_out_messages_total	(empty)	(empty)	0.0
1777922765.955853	zeek	counter	zeek_cluster_core_outgoing_events_total	(empty)	(empty)	0.0
1777922765.955853	zeek	counter	zeek_cluster_core_incoming_events_total	(empty)	(empty)	0.0
1777922765.955853	zeek	counter	zeek_broker_incoming_events_total	(empty)	(empty)	0.0
1777922765.955853	zeek	counter	zeek_broker_outgoing_events_total	(empty)	(empty)	0.0
1777922765.955853	zeek	counter	zeek_broker_incoming_logs_total	(empty)	(empty)	0.0
1777922765.955853	zeek	counter	zeek_broker_outgoing_logs_total	(empty)	(empty)	0.0
1777922765.955853	zeek	counter	zeek_broker_incoming_ids_total	(empty)	(empty)	0.0
1777922765.955853	zeek	counter	zeek_broker_outgoing_ids_total	(empty)	(empty)	0.0
1777922765.955853	zeek	counter	zeek_timers_total	(empty)	(empty)	124.0
1777922765.955853	zeek	counter	zeek_dnsmgr_requests_total	(empty)	(empty)	0.0
1777922765.955853	zeek	counter	zeek_dnsmgr_successful_requests_total	(empty)	(empty)	0.0
1777922765.955853	zeek	counter	zeek_dnsmgr_failed_requests_total	(empty)	(empty)	0.0
1777922765.955853	zeek	counter	zeek_triggers_total	(empty)	(empty)	0.0
1777922765.955853	zeek	counter	zeek_ended_sessions_total	reason	inactivity	0.0
1777922765.955853	zeek	counter	zeek_event_handler_invocations_total	name	Broker::log_flush	1.0
1777922765.955853	zeek	counter	zeek_event_handler_invocations_total	name	filter_change_tracking	1.0
1777922765.955853	zeek	counter	zeek_event_handler_invocations_total	name	ChecksumOffloading::check	1.0
1777922765.955853	zeek	counter	zeek_event_handler_invocations_total	name	NetControl::init	1.0
1777922765.955853	zeek	counter	zeek_event_handler_invocations_total	name	zeek_script_loaded	538.0
1777922765.955853	zeek	counter	zeek_event_handler_invocations_total	name	Telemetry::log	1.0
1777922765.955853	zeek	counter	zeek_event_handler_invocations_total	name	grab_vulnerable_versions	1.0
1777922765.955853	zeek	counter	zeek_event_handler_invocations_total	name	zeek_init	1.0
1777922765.955853	zeek	counter	zeek_total_sessions_total	protocol	icmp	0.0
1777922765.955853	zeek	counter	zeek_total_sessions_total	protocol	udp	0.0
1777922765.955853	zeek	counter	zeek_total_sessions_total	protocol	tcp	0.0
1777922765.955853	zeek	gauge	zeek_version_info	beta,commit,debug,major,minor,patch,version_number,version_string	false,0,false,8,1,2,80102,8.1.2	1.0
1777922765.955853	zeek	gauge	zeek_net_packet_lag_seconds	(empty)	(empty)	0.001066
1777922765.955853	zeek	gauge	zeek_net_timestamp_seconds	(empty)	(empty)	1777922765.955853
1777922765.955853	zeek	gauge	zeek_msgthread_active_threads	(empty)	(empty)	2.0
1777922765.955853	zeek	gauge	zeek_msgthread_pending_in_messages	(empty)	(empty)	0.0
1777922765.955853	zeek	gauge	zeek_msgthread_pending_out_messages	(empty)	(empty)	0.0
1777922765.955853	zeek	gauge	zeek_msgthread_pending_messages_in_buckets	leq	inf	2.0
1777922765.955853	zeek	gauge	zeek_msgthread_pending_messages_in_buckets	leq	10000	2.0
1777922765.955853	zeek	gauge	zeek_msgthread_pending_messages_in_buckets	leq	1000	2.0
1777922765.955853	zeek	gauge	zeek_msgthread_pending_messages_in_buckets	leq	100	2.0
1777922765.955853	zeek	gauge	zeek_msgthread_pending_messages_in_buckets	leq	10	2.0
1777922765.955853	zeek	gauge	zeek_msgthread_pending_messages_in_buckets	leq	1	2.0
1777922765.955853	zeek	gauge	zeek_msgthread_pending_messages_out_buckets	leq	inf	2.0
1777922765.955853	zeek	gauge	zeek_msgthread_pending_messages_out_buckets	leq	10000	2.0
1777922765.955853	zeek	gauge	zeek_msgthread_pending_messages_out_buckets	leq	1000	2.0
1777922765.955853	zeek	gauge	zeek_msgthread_pending_messages_out_buckets	leq	100	2.0
1777922765.955853	zeek	gauge	zeek_msgthread_pending_messages_out_buckets	leq	10	2.0
1777922765.955853	zeek	gauge	zeek_msgthread_pending_messages_out_buckets	leq	1	2.0
1777922765.955853	zeek	gauge	zeek_broker_peers	(empty)	(empty)	0.0
1777922765.955853	zeek	gauge	zeek_broker_stores	(empty)	(empty)	1.0
1777922765.955853	zeek	gauge	zeek_broker_pending_queries	(empty)	(empty)	0.0
1777922765.955853	zeek	gauge	zeek_timers_lag_time_seconds	(empty)	(empty)	1777919165.955853
1777922765.955853	zeek	gauge	zeek_timers_pending	type	LogDelayExpire	0.0
1777922765.955853	zeek	gauge	zeek_timers_pending	type	ThreadHeartbeat	1.0
1777922765.955853	zeek	gauge	zeek_timers_pending	type	TimerMgrExpireTimer	0.0
1777922765.955853	zeek	gauge	zeek_timers_pending	type	ParentProcessIDCheck	0.0
1777922765.955853	zeek	gauge	zeek_timers_pending	type	FragTimer	0.0
1777922765.955853	zeek	gauge	zeek_timers_pending	type	RotateTimer	0.0
1777922765.955853	zeek	gauge	zeek_timers_pending	type	FlowWeirdTimer	0.0
1777922765.955853	zeek	gauge	zeek_timers_pending	type	FileAnalysisInactivityTimer	0.0
1777922765.955853	zeek	gauge	zeek_timers_pending	type	StorageExpire	1.0
1777922765.955853	zeek	gauge	zeek_timers_pending	type	ConnectionInactivityTimer	0.0
1777922765.955853	zeek	gauge	zeek_timers_pending	type	TCPConnectionExpireTimer	0.0
1777922765.955853	zeek	gauge	zeek_timers_pending	type	ConnectionStatusUpdateTimer	0.0
1777922765.955853	zeek	gauge	zeek_timers_pending	type	LogFlushWriteBufferTimer	1.0
1777922765.955853	zeek	gauge	zeek_timers_pending	type	NetWeirdTimer	0.0
1777922765.955853	zeek	gauge	zeek_timers_pending	type	InterconnTimer	0.0
1777922765.955853	zeek	gauge	zeek_timers_pending	type	IPTunnelInactivityTimer	0.0
1777922765.955853	zeek	gauge	zeek_timers_pending	type	DNSExpireTimer	0.0
1777922765.955853	zeek	gauge	zeek_timers_pending	type	UnknownProtocolExpire	0.0
1777922765.955853	zeek	gauge	zeek_timers_pending	type	ProfileTimer	0.0
1777922765.955853	zeek	gauge	zeek_timers_pending	type	ConnectionExpireTimer	0.0
1777922765.955853	zeek	gauge	zeek_timers_pending	type	BreakpointTimer	0.0
1777922765.955853	zeek	gauge	zeek_timers_pending	type	BackdoorTimer	0.0
1777922765.955853	zeek	gauge	zeek_timers_pending	type	NetbiosExpireTimer	0.0
1777922765.955853	zeek	gauge	zeek_timers_pending	type	NetworkTimer	0.0
1777922765.955853	zeek	gauge	zeek_timers_pending	type	RemoveConnection	0.0
1777922765.955853	zeek	gauge	zeek_timers_pending	type	TCPConnectionResetTimer	0.0
1777922765.955853	zeek	gauge	zeek_timers_pending	type	ConnTupleWeirdTimer	0.0
1777922765.955853	zeek	gauge	zeek_timers_pending	type	TCPConnectionDeleteTimer	0.0
1777922765.955853	zeek	gauge	zeek_timers_pending	type	ScheduleTimer	2.0
1777922765.955853	zeek	gauge	zeek_timers_pending	type	NTPExpireTimer	0.0
1777922765.955853	zeek	gauge	zeek_timers_pending	type	RPCExpireTimer	0.0
1777922765.955853	zeek	gauge	zeek_timers_pending	type	ConnectionDeleteTimer	0.0
1777922765.955853	zeek	gauge	zeek_timers_pending	type	TriggerTimer	0.0
1777922765.955853	zeek	gauge	zeek_timers_pending	type	TableValTimer	34.0
1777922765.955853	zeek	gauge	zeek_timers_pending	type	TCPConnectionAttemptTimer	0.0
1777922765.955853	zeek	gauge	zeek_timers_pending	type	TCPConnectionPartialClose	0.0
1777922765.955853	zeek	gauge	zeek_dnsmgr_pending_asyncs_requests	(empty)	(empty)	0.0
1777922765.955853	zeek	gauge	zeek_dnsmgr_cache_entries	type	text	0.0
1777922765.955853	zeek	gauge	zeek_dnsmgr_cache_entries	type	address	0.0
1777922765.955853	zeek	gauge	zeek_dnsmgr_cache_entries	type	host	0.0
1777922765.955853	zeek	gauge	zeek_pending_triggers	(empty)	(empty)	0.0
1777922765.955853	zeek	gauge	zeek_active_sessions	protocol	icmp	0.0
1777922765.955853	zeek	gauge	zeek_active_sessions	protocol	udp	0.0
1777922765.955853	zeek	gauge	zeek_active_sessions	protocol	tcp	0.0
1777922765.955853	zeek	counter	process_cpu_user_seconds_total	(empty)	(empty)	0.31
1777922765.955853	zeek	counter	process_cpu_system_seconds_total	(empty)	(empty)	0.11
1777922765.955853	zeek	gauge	process_resident_memory_bytes	(empty)	(empty)	283439104.0
1777922765.955853	zeek	gauge	process_virtual_memory_bytes	(empty)	(empty)	1165910016.0
1777922765.955853	zeek	gauge	process_open_fds	(empty)	(empty)	28.0
1777922765.955853	zeek	gauge	process_start_time_seconds	(empty)	(empty)	1777922765.136601
1777922825.956737	zeek	counter	zeek_log_stream_writes_total	module,stream	CaptureLoss,CaptureLoss::LOG	1.0
1777922825.956737	zeek	counter	zeek_log_stream_writes_total	module,stream	Notice,Notice::LOG	1.0
1777922825.956737	zeek	counter	zeek_log_stream_writes_total	module,stream	Stats,Stats::LOG	1.0
1777922825.956737	zeek	counter	zeek_log_stream_writes_total	module,stream	Telemetry,Telemetry::LOG	114.0
1777922825.956737	zeek	counter	zeek_log_stream_writes_total	module,stream	LoadedScripts,LoadedScripts::LOG	538.0
1777922825.956737	zeek	counter	zeek_log_stream_writes_total	module,stream	PacketFilter,PacketFilter::LOG	1.0
1777922825.956737	zeek	counter	zeek_log_writer_writes_total	filter_name,module,path,stream,writer	default,CaptureLoss,capture_loss,CaptureLoss::LOG,Log::WRITER_ASCII	1.0
1777922825.956737	zeek	counter	zeek_log_writer_writes_total	filter_name,module,path,stream,writer	default,Notice,notice,Notice::LOG,Log::WRITER_ASCII	1.0
1777922825.956737	zeek	counter	zeek_log_writer_writes_total	filter_name,module,path,stream,writer	default,Stats,stats,Stats::LOG,Log::WRITER_ASCII	1.0
1777922825.956737	zeek	counter	zeek_log_writer_writes_total	filter_name,module,path,stream,writer	default,Telemetry,telemetry,Telemetry::LOG,Log::WRITER_ASCII	114.0
1777922825.956737	zeek	counter	zeek_log_writer_writes_total	filter_name,module,path,stream,writer	default,LoadedScripts,loaded_scripts,LoadedScripts::LOG,Log::WRITER_ASCII	538.0
1777922825.956737	zeek	counter	zeek_log_writer_writes_total	filter_name,module,path,stream,writer	default,PacketFilter,packet_filter,PacketFilter::LOG,Log::WRITER_ASCII	1.0
1777922825.956737	zeek	counter	zeek_log_writer_discarded_writes_total	filter_name,module,path,stream,writer	default,CaptureLoss,capture_loss,CaptureLoss::LOG,Log::WRITER_ASCII	0.0
1777922825.956737	zeek	counter	zeek_log_writer_discarded_writes_total	filter_name,module,path,stream,writer	default,Notice,notice,Notice::LOG,Log::WRITER_ASCII	0.0
1777922825.956737	zeek	counter	zeek_log_writer_discarded_writes_total	filter_name,module,path,stream,writer	default,Stats,stats,Stats::LOG,Log::WRITER_ASCII	0.0
1777922825.956737	zeek	counter	zeek_log_writer_discarded_writes_total	filter_name,module,path,stream,writer	default,Telemetry,telemetry,Telemetry::LOG,Log::WRITER_ASCII	0.0
1777922825.956737	zeek	counter	zeek_log_writer_discarded_writes_total	filter_name,module,path,stream,writer	default,LoadedScripts,loaded_scripts,LoadedScripts::LOG,Log::WRITER_ASCII	0.0
1777922825.956737	zeek	counter	zeek_log_writer_discarded_writes_total	filter_name,module,path,stream,writer	default,PacketFilter,packet_filter,PacketFilter::LOG,Log::WRITER_ASCII	0.0
1777922825.956737	zeek	counter	zeek_log_writer_truncated_string_fields_total	filter_name,module,path,stream,writer	default,CaptureLoss,capture_loss,CaptureLoss::LOG,Log::WRITER_ASCII	0.0
1777922825.956737	zeek	counter	zeek_log_writer_truncated_string_fields_total	filter_name,module,path,stream,writer	default,Notice,notice,Notice::LOG,Log::WRITER_ASCII	0.0
1777922825.956737	zeek	counter	zeek_log_writer_truncated_string_fields_total	filter_name,module,path,stream,writer	default,Stats,stats,Stats::LOG,Log::WRITER_ASCII	0.0
1777922825.956737	zeek	counter	zeek_log_writer_truncated_string_fields_total	filter_name,module,path,stream,writer	default,Telemetry,telemetry,Telemetry::LOG,Log::WRITER_ASCII	0.0
1777922825.956737	zeek	counter	zeek_log_writer_truncated_string_fields_total	filter_name,module,path,stream,writer	default,LoadedScripts,loaded_scripts,LoadedScripts::LOG,Log::WRITER_ASCII	0.0
1777922825.956737	zeek	counter	zeek_log_writer_truncated_string_fields_total	filter_name,module,path,stream,writer	default,PacketFilter,packet_filter,PacketFilter::LOG,Log::WRITER_ASCII	0.0
1777922825.956737	zeek	counter	zeek_log_writer_truncated_containers_total	filter_name,module,path,stream,writer	default,CaptureLoss,capture_loss,CaptureLoss::LOG,Log::WRITER_ASCII	0.0
1777922825.956737	zeek	counter	zeek_log_writer_truncated_containers_total	filter_name,module,path,stream,writer	default,Notice,notice,Notice::LOG,Log::WRITER_ASCII	0.0
1777922825.956737	zeek	counter	zeek_log_writer_truncated_containers_total	filter_name,module,path,stream,writer	default,Stats,stats,Stats::LOG,Log::WRITER_ASCII	0.0
1777922825.956737	zeek	counter	zeek_log_writer_truncated_containers_total	filter_name,module,path,stream,writer	default,Telemetry,telemetry,Telemetry::LOG,Log::WRITER_ASCII	0.0
1777922825.956737	zeek	counter	zeek_log_writer_truncated_containers_total	filter_name,module,path,stream,writer	default,LoadedScripts,loaded_scripts,LoadedScripts::LOG,Log::WRITER_ASCII	0.0
1777922825.956737	zeek	counter	zeek_log_writer_truncated_containers_total	filter_name,module,path,stream,writer	default,PacketFilter,packet_filter,PacketFilter::LOG,Log::WRITER_ASCII	0.0
1777922825.956737	zeek	counter	zeek_net_received_bytes_total	(empty)	(empty)	1715.0
1777922825.956737	zeek	counter	zeek_net_received_packets_total	(empty)	(empty)	22.0
1777922825.956737	zeek	counter	zeek_net_dropped_packets_total	(empty)	(empty)	0.0
1777922825.956737	zeek	counter	zeek_net_link_packets_total	(empty)	(empty)	22.0
1777922825.956737	zeek	counter	zeek_msgthread_threads_total	(empty)	(empty)	6.0
1777922825.956737	zeek	counter	zeek_msgthread_in_messages_total	(empty)	(empty)	10.0
1777922825.956737	zeek	counter	zeek_msgthread_out_messages_total	(empty)	(empty)	0.0
1777922825.956737	zeek	counter	zeek_cluster_core_outgoing_events_total	(empty)	(empty)	0.0
1777922825.956737	zeek	counter	zeek_cluster_core_incoming_events_total	(empty)	(empty)	0.0
1777922825.956737	zeek	counter	zeek_broker_incoming_events_total	(empty)	(empty)	0.0
1777922825.956737	zeek	counter	zeek_broker_outgoing_events_total	(empty)	(empty)	0.0
1777922825.956737	zeek	counter	zeek_broker_incoming_logs_total	(empty)	(empty)	0.0
1777922825.956737	zeek	counter	zeek_broker_outgoing_logs_total	(empty)	(empty)	0.0
1777922825.956737	zeek	counter	zeek_broker_incoming_ids_total	(empty)	(empty)	0.0
1777922825.956737	zeek	counter	zeek_broker_outgoing_ids_total	(empty)	(empty)	0.0
1777922825.956737	zeek	counter	zeek_timers_total	(empty)	(empty)	489.0
1777922825.956737	zeek	counter	zeek_dnsmgr_requests_total	(empty)	(empty)	0.0
1777922825.956737	zeek	counter	zeek_dnsmgr_successful_requests_total	(empty)	(empty)	0.0
1777922825.956737	zeek	counter	zeek_dnsmgr_failed_requests_total	(empty)	(empty)	0.0
1777922825.956737	zeek	counter	zeek_triggers_total	(empty)	(empty)	0.0
1777922825.956737	zeek	counter	zeek_ended_sessions_total	reason	inactivity	0.0
1777922825.956737	zeek	counter	zeek_event_handler_invocations_total	name	SumStats::finish_epoch	3.0
1777922825.956737	zeek	counter	zeek_event_handler_invocations_total	name	net_stats_update	1.0
1777922825.956737	zeek	counter	zeek_event_handler_invocations_total	name	check_stats	1.0
1777922825.956737	zeek	counter	zeek_event_handler_invocations_total	name	CaptureLoss::take_measurement	2.0
1777922825.956737	zeek	counter	zeek_event_handler_invocations_total	name	new_connection	7.0
1777922825.956737	zeek	counter	zeek_event_handler_invocations_total	name	Broker::log_flush	60.0
1777922825.956737	zeek	counter	zeek_event_handler_invocations_total	name	filter_change_tracking	2.0
1777922825.956737	zeek	counter	zeek_event_handler_invocations_total	name	ChecksumOffloading::check	3.0
1777922825.956737	zeek	counter	zeek_event_handler_invocations_total	name	NetControl::init	1.0
1777922825.956737	zeek	counter	zeek_event_handler_invocations_total	name	zeek_script_loaded	538.0
1777922825.956737	zeek	counter	zeek_event_handler_invocations_total	name	Telemetry::log	2.0
1777922825.956737	zeek	counter	zeek_event_handler_invocations_total	name	grab_vulnerable_versions	2.0
1777922825.956737	zeek	counter	zeek_event_handler_invocations_total	name	zeek_init	1.0
1777922825.956737	zeek	counter	zeek_total_sessions_total	protocol	icmp	4.0
1777922825.956737	zeek	counter	zeek_total_sessions_total	protocol	udp	3.0
1777922825.956737	zeek	counter	zeek_total_sessions_total	protocol	tcp	0.0
1777922825.956737	zeek	gauge	zeek_version_info	beta,commit,debug,major,minor,patch,version_number,version_string	false,0,false,8,1,2,80102,8.1.2	1.0
1777922825.956737	zeek	gauge	zeek_net_packet_lag_seconds	(empty)	(empty)	0.001168
1777922825.956737	zeek	gauge	zeek_net_timestamp_seconds	(empty)	(empty)	1777922825.956737
1777922825.956737	zeek	gauge	zeek_msgthread_active_threads	(empty)	(empty)	6.0
1777922825.956737	zeek	gauge	zeek_msgthread_pending_in_messages	(empty)	(empty)	0.0
1777922825.956737	zeek	gauge	zeek_msgthread_pending_out_messages	(empty)	(empty)	0.0
1777922825.956737	zeek	gauge	zeek_msgthread_pending_messages_in_buckets	leq	inf	6.0
1777922825.956737	zeek	gauge	zeek_msgthread_pending_messages_in_buckets	leq	10000	6.0
1777922825.956737	zeek	gauge	zeek_msgthread_pending_messages_in_buckets	leq	1000	6.0
1777922825.956737	zeek	gauge	zeek_msgthread_pending_messages_in_buckets	leq	100	6.0
1777922825.956737	zeek	gauge	zeek_msgthread_pending_messages_in_buckets	leq	10	6.0
1777922825.956737	zeek	gauge	zeek_msgthread_pending_messages_in_buckets	leq	1	6.0
1777922825.956737	zeek	gauge	zeek_msgthread_pending_messages_out_buckets	leq	inf	6.0
1777922825.956737	zeek	gauge	zeek_msgthread_pending_messages_out_buckets	leq	10000	6.0
1777922825.956737	zeek	gauge	zeek_msgthread_pending_messages_out_buckets	leq	1000	6.0
1777922825.956737	zeek	gauge	zeek_msgthread_pending_messages_out_buckets	leq	100	6.0
1777922825.956737	zeek	gauge	zeek_msgthread_pending_messages_out_buckets	leq	10	6.0
1777922825.956737	zeek	gauge	zeek_msgthread_pending_messages_out_buckets	leq	1	6.0
1777922825.956737	zeek	gauge	zeek_broker_peers	(empty)	(empty)	0.0
1777922825.956737	zeek	gauge	zeek_broker_stores	(empty)	(empty)	1.0
1777922825.956737	zeek	gauge	zeek_broker_pending_queries	(empty)	(empty)	0.0
1777922825.956737	zeek	gauge	zeek_timers_lag_time_seconds	(empty)	(empty)	0.000884
1777922825.956737	zeek	gauge	zeek_timers_pending	type	LogDelayExpire	0.0
1777922825.956737	zeek	gauge	zeek_timers_pending	type	ThreadHeartbeat	1.0
1777922825.956737	zeek	gauge	zeek_timers_pending	type	TimerMgrExpireTimer	0.0
1777922825.956737	zeek	gauge	zeek_timers_pending	type	ParentProcessIDCheck	0.0
1777922825.956737	zeek	gauge	zeek_timers_pending	type	FragTimer	0.0
1777922825.956737	zeek	gauge	zeek_timers_pending	type	RotateTimer	0.0
1777922825.956737	zeek	gauge	zeek_timers_pending	type	FlowWeirdTimer	0.0
1777922825.956737	zeek	gauge	zeek_timers_pending	type	FileAnalysisInactivityTimer	0.0
1777922825.956737	zeek	gauge	zeek_timers_pending	type	StorageExpire	1.0
1777922825.956737	zeek	gauge	zeek_timers_pending	type	ConnectionInactivityTimer	7.0
1777922825.956737	zeek	gauge	zeek_timers_pending	type	TCPConnectionExpireTimer	0.0
1777922825.956737	zeek	gauge	zeek_timers_pending	type	ConnectionStatusUpdateTimer	0.0
1777922825.956737	zeek	gauge	zeek_timers_pending	type	LogFlushWriteBufferTimer	1.0
1777922825.956737	zeek	gauge	zeek_timers_pending	type	NetWeirdTimer	0.0
1777922825.956737	zeek	gauge	zeek_timers_pending	type	InterconnTimer	0.0
1777922825.956737	zeek	gauge	zeek_timers_pending	type	IPTunnelInactivityTimer	0.0
1777922825.956737	zeek	gauge	zeek_timers_pending	type	DNSExpireTimer	0.0
1777922825.956737	zeek	gauge	zeek_timers_pending	type	UnknownProtocolExpire	0.0
1777922825.956737	zeek	gauge	zeek_timers_pending	type	ProfileTimer	0.0
1777922825.956737	zeek	gauge	zeek_timers_pending	type	ConnectionExpireTimer	0.0
1777922825.956737	zeek	gauge	zeek_timers_pending	type	BreakpointTimer	0.0
1777922825.956737	zeek	gauge	zeek_timers_pending	type	BackdoorTimer	0.0
1777922825.956737	zeek	gauge	zeek_timers_pending	type	NetbiosExpireTimer	0.0
1777922825.956737	zeek	gauge	zeek_timers_pending	type	NetworkTimer	0.0
1777922825.956737	zeek	gauge	zeek_timers_pending	type	RemoveConnection	0.0
1777922825.956737	zeek	gauge	zeek_timers_pending	type	TCPConnectionResetTimer	0.0
1777922825.956737	zeek	gauge	zeek_timers_pending	type	ConnTupleWeirdTimer	0.0
1777922825.956737	zeek	gauge	zeek_timers_pending	type	TCPConnectionDeleteTimer	0.0
1777922825.956737	zeek	gauge	zeek_timers_pending	type	ScheduleTimer	6.0
1777922825.956737	zeek	gauge	zeek_timers_pending	type	NTPExpireTimer	0.0
1777922825.956737	zeek	gauge	zeek_timers_pending	type	RPCExpireTimer	0.0
1777922825.956737	zeek	gauge	zeek_timers_pending	type	ConnectionDeleteTimer	0.0
1777922825.956737	zeek	gauge	zeek_timers_pending	type	TriggerTimer	0.0
1777922825.956737	zeek	gauge	zeek_timers_pending	type	TableValTimer	34.0
1777922825.956737	zeek	gauge	zeek_timers_pending	type	TCPConnectionAttemptTimer	0.0
1777922825.956737	zeek	gauge	zeek_timers_pending	type	TCPConnectionPartialClose	0.0
1777922825.956737	zeek	gauge	zeek_dnsmgr_pending_asyncs_requests	(empty)	(empty)	0.0
1777922825.956737	zeek	gauge	zeek_dnsmgr_cache_entries	type	text	0.0
1777922825.956737	zeek	gauge	zeek_dnsmgr_cache_entries	type	address	0.0
1777922825.956737	zeek	gauge	zeek_dnsmgr_cache_entries	type	host	0.0
1777922825.956737	zeek	gauge	zeek_pending_triggers	(empty)	(empty)	0.0
1777922825.956737	zeek	gauge	zeek_active_sessions	protocol	icmp	4.0
1777922825.956737	zeek	gauge	zeek_active_sessions	protocol	udp	3.0
1777922825.956737	zeek	gauge	zeek_active_sessions	protocol	tcp	0.0
1777922825.956737	zeek	counter	process_cpu_user_seconds_total	(empty)	(empty)	0.38
1777922825.956737	zeek	counter	process_cpu_system_seconds_total	(empty)	(empty)	0.14
1777922825.956737	zeek	gauge	process_resident_memory_bytes	(empty)	(empty)	283570176.0
1777922825.956737	zeek	gauge	process_virtual_memory_bytes	(empty)	(empty)	1467916288.0
1777922825.956737	zeek	gauge	process_open_fds	(empty)	(empty)	40.0
1777922825.956737	zeek	gauge	process_start_time_seconds	(empty)	(empty)	1777922765.136601
1777922885.957608	zeek	counter	zeek_log_stream_writes_total	module,stream	Conn,Conn::LOG	7.0
1777922885.957608	zeek	counter	zeek_log_stream_writes_total	module,stream	CaptureLoss,CaptureLoss::LOG	1.0
1777922885.957608	zeek	counter	zeek_log_stream_writes_total	module,stream	Notice,Notice::LOG	1.0
1777922885.957608	zeek	counter	zeek_log_stream_writes_total	module,stream	Stats,Stats::LOG	1.0
1777922885.957608	zeek	counter	zeek_log_stream_writes_total	module,stream	Telemetry,Telemetry::LOG	253.0
1777922885.957608	zeek	counter	zeek_log_stream_writes_total	module,stream	LoadedScripts,LoadedScripts::LOG	538.0
1777922885.957608	zeek	counter	zeek_log_stream_writes_total	module,stream	PacketFilter,PacketFilter::LOG	1.0
1777922885.957608	zeek	counter	zeek_log_writer_writes_total	filter_name,module,path,stream,writer	default,Conn,conn,Conn::LOG,Log::WRITER_ASCII	7.0
1777922885.957608	zeek	counter	zeek_log_writer_writes_total	filter_name,module,path,stream,writer	default,CaptureLoss,capture_loss,CaptureLoss::LOG,Log::WRITER_ASCII	1.0
1777922885.957608	zeek	counter	zeek_log_writer_writes_total	filter_name,module,path,stream,writer	default,Notice,notice,Notice::LOG,Log::WRITER_ASCII	1.0
1777922885.957608	zeek	counter	zeek_log_writer_writes_total	filter_name,module,path,stream,writer	default,Stats,stats,Stats::LOG,Log::WRITER_ASCII	1.0
1777922885.957608	zeek	counter	zeek_log_writer_writes_total	filter_name,module,path,stream,writer	default,Telemetry,telemetry,Telemetry::LOG,Log::WRITER_ASCII	253.0
1777922885.957608	zeek	counter	zeek_log_writer_writes_total	filter_name,module,path,stream,writer	default,LoadedScripts,loaded_scripts,LoadedScripts::LOG,Log::WRITER_ASCII	538.0
1777922885.957608	zeek	counter	zeek_log_writer_writes_total	filter_name,module,path,stream,writer	default,PacketFilter,packet_filter,PacketFilter::LOG,Log::WRITER_ASCII	1.0
1777922885.957608	zeek	counter	zeek_log_writer_discarded_writes_total	filter_name,module,path,stream,writer	default,Conn,conn,Conn::LOG,Log::WRITER_ASCII	0.0
1777922885.957608	zeek	counter	zeek_log_writer_discarded_writes_total	filter_name,module,path,stream,writer	default,CaptureLoss,capture_loss,CaptureLoss::LOG,Log::WRITER_ASCII	0.0
1777922885.957608	zeek	counter	zeek_log_writer_discarded_writes_total	filter_name,module,path,stream,writer	default,Notice,notice,Notice::LOG,Log::WRITER_ASCII	0.0
1777922885.957608	zeek	counter	zeek_log_writer_discarded_writes_total	filter_name,module,path,stream,writer	default,Stats,stats,Stats::LOG,Log::WRITER_ASCII	0.0
1777922885.957608	zeek	counter	zeek_log_writer_discarded_writes_total	filter_name,module,path,stream,writer	default,Telemetry,telemetry,Telemetry::LOG,Log::WRITER_ASCII	0.0
1777922885.957608	zeek	counter	zeek_log_writer_discarded_writes_total	filter_name,module,path,stream,writer	default,LoadedScripts,loaded_scripts,LoadedScripts::LOG,Log::WRITER_ASCII	0.0
1777922885.957608	zeek	counter	zeek_log_writer_discarded_writes_total	filter_name,module,path,stream,writer	default,PacketFilter,packet_filter,PacketFilter::LOG,Log::WRITER_ASCII	0.0
1777922885.957608	zeek	counter	zeek_log_writer_truncated_string_fields_total	filter_name,module,path,stream,writer	default,Conn,conn,Conn::LOG,Log::WRITER_ASCII	0.0
1777922885.957608	zeek	counter	zeek_log_writer_truncated_string_fields_total	filter_name,module,path,stream,writer	default,CaptureLoss,capture_loss,CaptureLoss::LOG,Log::WRITER_ASCII	0.0
1777922885.957608	zeek	counter	zeek_log_writer_truncated_string_fields_total	filter_name,module,path,stream,writer	default,Notice,notice,Notice::LOG,Log::WRITER_ASCII	0.0
1777922885.957608	zeek	counter	zeek_log_writer_truncated_string_fields_total	filter_name,module,path,stream,writer	default,Stats,stats,Stats::LOG,Log::WRITER_ASCII	0.0
1777922885.957608	zeek	counter	zeek_log_writer_truncated_string_fields_total	filter_name,module,path,stream,writer	default,Telemetry,telemetry,Telemetry::LOG,Log::WRITER_ASCII	0.0
1777922885.957608	zeek	counter	zeek_log_writer_truncated_string_fields_total	filter_name,module,path,stream,writer	default,LoadedScripts,loaded_scripts,LoadedScripts::LOG,Log::WRITER_ASCII	0.0
1777922885.957608	zeek	counter	zeek_log_writer_truncated_string_fields_total	filter_name,module,path,stream,writer	default,PacketFilter,packet_filter,PacketFilter::LOG,Log::WRITER_ASCII	0.0
1777922885.957608	zeek	counter	zeek_log_writer_truncated_containers_total	filter_name,module,path,stream,writer	default,Conn,conn,Conn::LOG,Log::WRITER_ASCII	0.0
1777922885.957608	zeek	counter	zeek_log_writer_truncated_containers_total	filter_name,module,path,stream,writer	default,CaptureLoss,capture_loss,CaptureLoss::LOG,Log::WRITER_ASCII	0.0
1777922885.957608	zeek	counter	zeek_log_writer_truncated_containers_total	filter_name,module,path,stream,writer	default,Notice,notice,Notice::LOG,Log::WRITER_ASCII	0.0
1777922885.957608	zeek	counter	zeek_log_writer_truncated_containers_total	filter_name,module,path,stream,writer	default,Stats,stats,Stats::LOG,Log::WRITER_ASCII	0.0
1777922885.957608	zeek	counter	zeek_log_writer_truncated_containers_total	filter_name,module,path,stream,writer	default,Telemetry,telemetry,Telemetry::LOG,Log::WRITER_ASCII	0.0
1777922885.957608	zeek	counter	zeek_log_writer_truncated_containers_total	filter_name,module,path,stream,writer	default,LoadedScripts,loaded_scripts,LoadedScripts::LOG,Log::WRITER_ASCII	0.0
1777922885.957608	zeek	counter	zeek_log_writer_truncated_containers_total	filter_name,module,path,stream,writer	default,PacketFilter,packet_filter,PacketFilter::LOG,Log::WRITER_ASCII	0.0
1777922885.957608	zeek	counter	zeek_net_received_bytes_total	(empty)	(empty)	1785.0
1777922885.957608	zeek	counter	zeek_net_received_packets_total	(empty)	(empty)	23.0
1777922885.957608	zeek	counter	zeek_net_dropped_packets_total	(empty)	(empty)	0.0
1777922885.957608	zeek	counter	zeek_net_link_packets_total	(empty)	(empty)	23.0
1777922885.957608	zeek	counter	zeek_msgthread_threads_total	(empty)	(empty)	7.0
1777922885.957608	zeek	counter	zeek_msgthread_in_messages_total	(empty)	(empty)	17.0
1777922885.957608	zeek	counter	zeek_msgthread_out_messages_total	(empty)	(empty)	0.0
1777922885.957608	zeek	counter	zeek_cluster_core_outgoing_events_total	(empty)	(empty)	0.0
1777922885.957608	zeek	counter	zeek_cluster_core_incoming_events_total	(empty)	(empty)	0.0
1777922885.957608	zeek	counter	zeek_broker_incoming_events_total	(empty)	(empty)	0.0
1777922885.957608	zeek	counter	zeek_broker_outgoing_events_total	(empty)	(empty)	0.0
1777922885.957608	zeek	counter	zeek_broker_incoming_logs_total	(empty)	(empty)	0.0
1777922885.957608	zeek	counter	zeek_broker_outgoing_logs_total	(empty)	(empty)	0.0
1777922885.957608	zeek	counter	zeek_broker_incoming_ids_total	(empty)	(empty)	0.0
1777922885.957608	zeek	counter	zeek_broker_outgoing_ids_total	(empty)	(empty)	0.0
1777922885.957608	zeek	counter	zeek_timers_total	(empty)	(empty)	884.0
1777922885.957608	zeek	counter	zeek_dnsmgr_requests_total	(empty)	(empty)	0.0
1777922885.957608	zeek	counter	zeek_dnsmgr_successful_requests_total	(empty)	(empty)	0.0
1777922885.957608	zeek	counter	zeek_dnsmgr_failed_requests_total	(empty)	(empty)	0.0
1777922885.957608	zeek	counter	zeek_triggers_total	(empty)	(empty)	0.0
1777922885.957608	zeek	counter	zeek_ended_sessions_total	reason	inactivity	7.0
1777922885.957608	zeek	counter	zeek_event_handler_invocations_total	name	connection_state_remove	7.0
1777922885.957608	zeek	counter	zeek_event_handler_invocations_total	name	zeek_init	1.0
1777922885.957608	zeek	counter	zeek_event_handler_invocations_total	name	Telemetry::log	3.0
1777922885.957608	zeek	counter	zeek_event_handler_invocations_total	name	NetControl::init	1.0
1777922885.957608	zeek	counter	zeek_event_handler_invocations_total	name	ChecksumOffloading::check	3.0
1777922885.957608	zeek	counter	zeek_event_handler_invocations_total	name	grab_vulnerable_versions	2.0
1777922885.957608	zeek	counter	zeek_event_handler_invocations_total	name	filter_change_tracking	2.0
1777922885.957608	zeek	counter	zeek_event_handler_invocations_total	name	Broker::log_flush	120.0
1777922885.957608	zeek	counter	zeek_event_handler_invocations_total	name	zeek_script_loaded	538.0
1777922885.957608	zeek	counter	zeek_event_handler_invocations_total	name	new_connection	8.0
1777922885.957608	zeek	counter	zeek_event_handler_invocations_total	name	check_stats	1.0
1777922885.957608	zeek	counter	zeek_event_handler_invocations_total	name	CaptureLoss::take_measurement	2.0
1777922885.957608	zeek	counter	zeek_event_handler_invocations_total	name	net_stats_update	1.0
1777922885.957608	zeek	counter	zeek_event_handler_invocations_total	name	SumStats::finish_epoch	3.0
1777922885.957608	zeek	counter	zeek_total_sessions_total	protocol	icmp	5.0
1777922885.957608	zeek	counter	zeek_total_sessions_total	protocol	udp	3.0
1777922885.957608	zeek	counter	zeek_total_sessions_total	protocol	tcp	0.0
1777922885.957608	zeek	gauge	zeek_version_info	beta,commit,debug,major,minor,patch,version_number,version_string	false,0,false,8,1,2,80102,8.1.2	1.0
1777922885.957608	zeek	gauge	zeek_net_packet_lag_seconds	(empty)	(empty)	0.000171
1777922885.957608	zeek	gauge	zeek_net_timestamp_seconds	(empty)	(empty)	1777922885.957608
1777922885.957608	zeek	gauge	zeek_msgthread_active_threads	(empty)	(empty)	7.0
1777922885.957608	zeek	gauge	zeek_msgthread_pending_in_messages	(empty)	(empty)	0.0
1777922885.957608	zeek	gauge	zeek_msgthread_pending_out_messages	(empty)	(empty)	0.0
1777922885.957608	zeek	gauge	zeek_msgthread_pending_messages_in_buckets	leq	inf	7.0
1777922885.957608	zeek	gauge	zeek_msgthread_pending_messages_in_buckets	leq	10000	7.0
1777922885.957608	zeek	gauge	zeek_msgthread_pending_messages_in_buckets	leq	1000	7.0
1777922885.957608	zeek	gauge	zeek_msgthread_pending_messages_in_buckets	leq	100	7.0
1777922885.957608	zeek	gauge	zeek_msgthread_pending_messages_in_buckets	leq	10	7.0
1777922885.957608	zeek	gauge	zeek_msgthread_pending_messages_in_buckets	leq	1	7.0
1777922885.957608	zeek	gauge	zeek_msgthread_pending_messages_out_buckets	leq	inf	7.0
1777922885.957608	zeek	gauge	zeek_msgthread_pending_messages_out_buckets	leq	10000	7.0
1777922885.957608	zeek	gauge	zeek_msgthread_pending_messages_out_buckets	leq	1000	7.0
1777922885.957608	zeek	gauge	zeek_msgthread_pending_messages_out_buckets	leq	100	7.0
1777922885.957608	zeek	gauge	zeek_msgthread_pending_messages_out_buckets	leq	10	7.0
1777922885.957608	zeek	gauge	zeek_msgthread_pending_messages_out_buckets	leq	1	7.0
1777922885.957608	zeek	gauge	zeek_broker_peers	(empty)	(empty)	0.0
1777922885.957608	zeek	gauge	zeek_broker_stores	(empty)	(empty)	1.0
1777922885.957608	zeek	gauge	zeek_broker_pending_queries	(empty)	(empty)	0.0
1777922885.957608	zeek	gauge	zeek_timers_lag_time_seconds	(empty)	(empty)	0.000871
1777922885.957608	zeek	gauge	zeek_timers_pending	type	LogDelayExpire	0.0
1777922885.957608	zeek	gauge	zeek_timers_pending	type	ThreadHeartbeat	1.0
1777922885.957608	zeek	gauge	zeek_timers_pending	type	TimerMgrExpireTimer	0.0
1777922885.957608	zeek	gauge	zeek_timers_pending	type	ParentProcessIDCheck	0.0
1777922885.957608	zeek	gauge	zeek_timers_pending	type	FragTimer	0.0
1777922885.957608	zeek	gauge	zeek_timers_pending	type	RotateTimer	0.0
1777922885.957608	zeek	gauge	zeek_timers_pending	type	FlowWeirdTimer	0.0
1777922885.957608	zeek	gauge	zeek_timers_pending	type	FileAnalysisInactivityTimer	0.0
1777922885.957608	zeek	gauge	zeek_timers_pending	type	StorageExpire	1.0
1777922885.957608	zeek	gauge	zeek_timers_pending	type	ConnectionInactivityTimer	1.0
1777922885.957608	zeek	gauge	zeek_timers_pending	type	TCPConnectionExpireTimer	0.0
1777922885.957608	zeek	gauge	zeek_timers_pending	type	ConnectionStatusUpdateTimer	0.0
1777922885.957608	zeek	gauge	zeek_timers_pending	type	LogFlushWriteBufferTimer	1.0
1777922885.957608	zeek	gauge	zeek_timers_pending	type	NetWeirdTimer	0.0
1777922885.957608	zeek	gauge	zeek_timers_pending	type	InterconnTimer	0.0
1777922885.957608	zeek	gauge	zeek_timers_pending	type	IPTunnelInactivityTimer	0.0
1777922885.957608	zeek	gauge	zeek_timers_pending	type	DNSExpireTimer	0.0
1777922885.957608	zeek	gauge	zeek_timers_pending	type	UnknownProtocolExpire	0.0
1777922885.957608	zeek	gauge	zeek_timers_pending	type	ProfileTimer	0.0
1777922885.957608	zeek	gauge	zeek_timers_pending	type	ConnectionExpireTimer	0.0
1777922885.957608	zeek	gauge	zeek_timers_pending	type	BreakpointTimer	0.0
1777922885.957608	zeek	gauge	zeek_timers_pending	type	BackdoorTimer	0.0
1777922885.957608	zeek	gauge	zeek_timers_pending	type	NetbiosExpireTimer	0.0
1777922885.957608	zeek	gauge	zeek_timers_pending	type	NetworkTimer	0.0
1777922885.957608	zeek	gauge	zeek_timers_pending	type	RemoveConnection	0.0
1777922885.957608	zeek	gauge	zeek_timers_pending	type	TCPConnectionResetTimer	0.0
1777922885.957608	zeek	gauge	zeek_timers_pending	type	ConnTupleWeirdTimer	0.0
1777922885.957608	zeek	gauge	zeek_timers_pending	type	TCPConnectionDeleteTimer	0.0
1777922885.957608	zeek	gauge	zeek_timers_pending	type	ScheduleTimer	6.0
1777922885.957608	zeek	gauge	zeek_timers_pending	type	NTPExpireTimer	0.0
1777922885.957608	zeek	gauge	zeek_timers_pending	type	RPCExpireTimer	0.0
1777922885.957608	zeek	gauge	zeek_timers_pending	type	ConnectionDeleteTimer	0.0
1777922885.957608	zeek	gauge	zeek_timers_pending	type	TriggerTimer	0.0
1777922885.957608	zeek	gauge	zeek_timers_pending	type	TableValTimer	34.0
1777922885.957608	zeek	gauge	zeek_timers_pending	type	TCPConnectionAttemptTimer	0.0
1777922885.957608	zeek	gauge	zeek_timers_pending	type	TCPConnectionPartialClose	0.0
1777922885.957608	zeek	gauge	zeek_dnsmgr_pending_asyncs_requests	(empty)	(empty)	0.0
1777922885.957608	zeek	gauge	zeek_dnsmgr_cache_entries	type	text	0.0
1777922885.957608	zeek	gauge	zeek_dnsmgr_cache_entries	type	address	0.0
1777922885.957608	zeek	gauge	zeek_dnsmgr_cache_entries	type	host	0.0
1777922885.957608	zeek	gauge	zeek_pending_triggers	(empty)	(empty)	0.0
1777922885.957608	zeek	gauge	zeek_active_sessions	protocol	icmp	1.0
1777922885.957608	zeek	gauge	zeek_active_sessions	protocol	udp	0.0
1777922885.957608	zeek	gauge	zeek_active_sessions	protocol	tcp	0.0
1777922885.957608	zeek	counter	process_cpu_user_seconds_total	(empty)	(empty)	0.46
1777922885.957608	zeek	counter	process_cpu_system_seconds_total	(empty)	(empty)	0.16
1777922885.957608	zeek	gauge	process_resident_memory_bytes	(empty)	(empty)	283570176.0
1777922885.957608	zeek	gauge	process_virtual_memory_bytes	(empty)	(empty)	1543417856.0
1777922885.957608	zeek	gauge	process_open_fds	(empty)	(empty)	43.0
1777922885.957608	zeek	gauge	process_start_time_seconds	(empty)	(empty)	1777922765.136601
1777922945.958391	zeek	counter	zeek_log_stream_writes_total	module,stream	Conn,Conn::LOG	8.0
1777922945.958391	zeek	counter	zeek_log_stream_writes_total	module,stream	CaptureLoss,CaptureLoss::LOG	1.0
1777922945.958391	zeek	counter	zeek_log_stream_writes_total	module,stream	Notice,Notice::LOG	1.0
1777922945.958391	zeek	counter	zeek_log_stream_writes_total	module,stream	Stats,Stats::LOG	1.0
1777922945.958391	zeek	counter	zeek_log_stream_writes_total	module,stream	Telemetry,Telemetry::LOG	398.0
1777922945.958391	zeek	counter	zeek_log_stream_writes_total	module,stream	LoadedScripts,LoadedScripts::LOG	538.0
1777922945.958391	zeek	counter	zeek_log_stream_writes_total	module,stream	PacketFilter,PacketFilter::LOG	1.0
1777922945.958391	zeek	counter	zeek_log_writer_writes_total	filter_name,module,path,stream,writer	default,Conn,conn,Conn::LOG,Log::WRITER_ASCII	8.0
1777922945.958391	zeek	counter	zeek_log_writer_writes_total	filter_name,module,path,stream,writer	default,CaptureLoss,capture_loss,CaptureLoss::LOG,Log::WRITER_ASCII	1.0
1777922945.958391	zeek	counter	zeek_log_writer_writes_total	filter_name,module,path,stream,writer	default,Notice,notice,Notice::LOG,Log::WRITER_ASCII	1.0
1777922945.958391	zeek	counter	zeek_log_writer_writes_total	filter_name,module,path,stream,writer	default,Stats,stats,Stats::LOG,Log::WRITER_ASCII	1.0
1777922945.958391	zeek	counter	zeek_log_writer_writes_total	filter_name,module,path,stream,writer	default,Telemetry,telemetry,Telemetry::LOG,Log::WRITER_ASCII	398.0
1777922945.958391	zeek	counter	zeek_log_writer_writes_total	filter_name,module,path,stream,writer	default,LoadedScripts,loaded_scripts,LoadedScripts::LOG,Log::WRITER_ASCII	538.0
1777922945.958391	zeek	counter	zeek_log_writer_writes_total	filter_name,module,path,stream,writer	default,PacketFilter,packet_filter,PacketFilter::LOG,Log::WRITER_ASCII	1.0
1777922945.958391	zeek	counter	zeek_log_writer_discarded_writes_total	filter_name,module,path,stream,writer	default,Conn,conn,Conn::LOG,Log::WRITER_ASCII	0.0
1777922945.958391	zeek	counter	zeek_log_writer_discarded_writes_total	filter_name,module,path,stream,writer	default,CaptureLoss,capture_loss,CaptureLoss::LOG,Log::WRITER_ASCII	0.0
1777922945.958391	zeek	counter	zeek_log_writer_discarded_writes_total	filter_name,module,path,stream,writer	default,Notice,notice,Notice::LOG,Log::WRITER_ASCII	0.0
1777922945.958391	zeek	counter	zeek_log_writer_discarded_writes_total	filter_name,module,path,stream,writer	default,Stats,stats,Stats::LOG,Log::WRITER_ASCII	0.0
1777922945.958391	zeek	counter	zeek_log_writer_discarded_writes_total	filter_name,module,path,stream,writer	default,Telemetry,telemetry,Telemetry::LOG,Log::WRITER_ASCII	0.0
1777922945.958391	zeek	counter	zeek_log_writer_discarded_writes_total	filter_name,module,path,stream,writer	default,LoadedScripts,loaded_scripts,LoadedScripts::LOG,Log::WRITER_ASCII	0.0
1777922945.958391	zeek	counter	zeek_log_writer_discarded_writes_total	filter_name,module,path,stream,writer	default,PacketFilter,packet_filter,PacketFilter::LOG,Log::WRITER_ASCII	0.0
1777922945.958391	zeek	counter	zeek_log_writer_truncated_string_fields_total	filter_name,module,path,stream,writer	default,Conn,conn,Conn::LOG,Log::WRITER_ASCII	0.0
1777922945.958391	zeek	counter	zeek_log_writer_truncated_string_fields_total	filter_name,module,path,stream,writer	default,CaptureLoss,capture_loss,CaptureLoss::LOG,Log::WRITER_ASCII	0.0
1777922945.958391	zeek	counter	zeek_log_writer_truncated_string_fields_total	filter_name,module,path,stream,writer	default,Notice,notice,Notice::LOG,Log::WRITER_ASCII	0.0
1777922945.958391	zeek	counter	zeek_log_writer_truncated_string_fields_total	filter_name,module,path,stream,writer	default,Stats,stats,Stats::LOG,Log::WRITER_ASCII	0.0
1777922945.958391	zeek	counter	zeek_log_writer_truncated_string_fields_total	filter_name,module,path,stream,writer	default,Telemetry,telemetry,Telemetry::LOG,Log::WRITER_ASCII	0.0
1777922945.958391	zeek	counter	zeek_log_writer_truncated_string_fields_total	filter_name,module,path,stream,writer	default,LoadedScripts,loaded_scripts,LoadedScripts::LOG,Log::WRITER_ASCII	0.0
1777922945.958391	zeek	counter	zeek_log_writer_truncated_string_fields_total	filter_name,module,path,stream,writer	default,PacketFilter,packet_filter,PacketFilter::LOG,Log::WRITER_ASCII	0.0
1777922945.958391	zeek	counter	zeek_log_writer_truncated_containers_total	filter_name,module,path,stream,writer	default,Conn,conn,Conn::LOG,Log::WRITER_ASCII	0.0
1777922945.958391	zeek	counter	zeek_log_writer_truncated_containers_total	filter_name,module,path,stream,writer	default,CaptureLoss,capture_loss,CaptureLoss::LOG,Log::WRITER_ASCII	0.0
1777922945.958391	zeek	counter	zeek_log_writer_truncated_containers_total	filter_name,module,path,stream,writer	default,Notice,notice,Notice::LOG,Log::WRITER_ASCII	0.0
1777922945.958391	zeek	counter	zeek_log_writer_truncated_containers_total	filter_name,module,path,stream,writer	default,Stats,stats,Stats::LOG,Log::WRITER_ASCII	0.0
1777922945.958391	zeek	counter	zeek_log_writer_truncated_containers_total	filter_name,module,path,stream,writer	default,Telemetry,telemetry,Telemetry::LOG,Log::WRITER_ASCII	0.0
1777922945.958391	zeek	counter	zeek_log_writer_truncated_containers_total	filter_name,module,path,stream,writer	default,LoadedScripts,loaded_scripts,LoadedScripts::LOG,Log::WRITER_ASCII	0.0
1777922945.958391	zeek	counter	zeek_log_writer_truncated_containers_total	filter_name,module,path,stream,writer	default,PacketFilter,packet_filter,PacketFilter::LOG,Log::WRITER_ASCII	0.0
1777922945.958391	zeek	counter	zeek_net_received_bytes_total	(empty)	(empty)	1785.0
1777922945.958391	zeek	counter	zeek_net_received_packets_total	(empty)	(empty)	23.0
1777922945.958391	zeek	counter	zeek_net_dropped_packets_total	(empty)	(empty)	0.0
1777922945.958391	zeek	counter	zeek_net_link_packets_total	(empty)	(empty)	23.0
1777922945.958391	zeek	counter	zeek_msgthread_threads_total	(empty)	(empty)	7.0
1777922945.958391	zeek	counter	zeek_msgthread_in_messages_total	(empty)	(empty)	19.0
1777922945.958391	zeek	counter	zeek_msgthread_out_messages_total	(empty)	(empty)	0.0
1777922945.958391	zeek	counter	zeek_cluster_core_outgoing_events_total	(empty)	(empty)	0.0
1777922945.958391	zeek	counter	zeek_cluster_core_incoming_events_total	(empty)	(empty)	0.0
1777922945.958391	zeek	counter	zeek_broker_incoming_events_total	(empty)	(empty)	0.0
1777922945.958391	zeek	counter	zeek_broker_outgoing_events_total	(empty)	(empty)	0.0
1777922945.958391	zeek	counter	zeek_broker_incoming_logs_total	(empty)	(empty)	0.0
1777922945.958391	zeek	counter	zeek_broker_outgoing_logs_total	(empty)	(empty)	0.0
1777922945.958391	zeek	counter	zeek_broker_incoming_ids_total	(empty)	(empty)	0.0
1777922945.958391	zeek	counter	zeek_broker_outgoing_ids_total	(empty)	(empty)	0.0
1777922945.958391	zeek	counter	zeek_timers_total	(empty)	(empty)	1273.0
1777922945.958391	zeek	counter	zeek_dnsmgr_requests_total	(empty)	(empty)	0.0
1777922945.958391	zeek	counter	zeek_dnsmgr_successful_requests_total	(empty)	(empty)	0.0
1777922945.958391	zeek	counter	zeek_dnsmgr_failed_requests_total	(empty)	(empty)	0.0
1777922945.958391	zeek	counter	zeek_triggers_total	(empty)	(empty)	0.0
1777922945.958391	zeek	counter	zeek_ended_sessions_total	reason	inactivity	8.0
1777922945.958391	zeek	counter	zeek_event_handler_invocations_total	name	connection_state_remove	8.0
1777922945.958391	zeek	counter	zeek_event_handler_invocations_total	name	zeek_init	1.0
1777922945.958391	zeek	counter	zeek_event_handler_invocations_total	name	Telemetry::log	4.0
1777922945.958391	zeek	counter	zeek_event_handler_invocations_total	name	NetControl::init	1.0
1777922945.958391	zeek	counter	zeek_event_handler_invocations_total	name	ChecksumOffloading::check	3.0
1777922945.958391	zeek	counter	zeek_event_handler_invocations_total	name	grab_vulnerable_versions	2.0
1777922945.958391	zeek	counter	zeek_event_handler_invocations_total	name	filter_change_tracking	2.0
1777922945.958391	zeek	counter	zeek_event_handler_invocations_total	name	Broker::log_flush	180.0
1777922945.958391	zeek	counter	zeek_event_handler_invocations_total	name	zeek_script_loaded	538.0
1777922945.958391	zeek	counter	zeek_event_handler_invocations_total	name	new_connection	8.0
1777922945.958391	zeek	counter	zeek_event_handler_invocations_total	name	check_stats	1.0
1777922945.958391	zeek	counter	zeek_event_handler_invocations_total	name	CaptureLoss::take_measurement	2.0
1777922945.958391	zeek	counter	zeek_event_handler_invocations_total	name	net_stats_update	1.0
1777922945.958391	zeek	counter	zeek_event_handler_invocations_total	name	SumStats::finish_epoch	3.0
1777922945.958391	zeek	counter	zeek_total_sessions_total	protocol	icmp	5.0
1777922945.958391	zeek	counter	zeek_total_sessions_total	protocol	udp	3.0
1777922945.958391	zeek	counter	zeek_total_sessions_total	protocol	tcp	0.0
1777922945.958391	zeek	gauge	zeek_version_info	beta,commit,debug,major,minor,patch,version_number,version_string	false,0,false,8,1,2,80102,8.1.2	1.0
1777922945.958391	zeek	gauge	zeek_net_packet_lag_seconds	(empty)	(empty)	0.00015
1777922945.958391	zeek	gauge	zeek_net_timestamp_seconds	(empty)	(empty)	1777922945.958391
1777922945.958391	zeek	gauge	zeek_msgthread_active_threads	(empty)	(empty)	7.0
1777922945.958391	zeek	gauge	zeek_msgthread_pending_in_messages	(empty)	(empty)	0.0
1777922945.958391	zeek	gauge	zeek_msgthread_pending_out_messages	(empty)	(empty)	0.0
1777922945.958391	zeek	gauge	zeek_msgthread_pending_messages_in_buckets	leq	inf	7.0
1777922945.958391	zeek	gauge	zeek_msgthread_pending_messages_in_buckets	leq	10000	7.0
1777922945.958391	zeek	gauge	zeek_msgthread_pending_messages_in_buckets	leq	1000	7.0
1777922945.958391	zeek	gauge	zeek_msgthread_pending_messages_in_buckets	leq	100	7.0
1777922945.958391	zeek	gauge	zeek_msgthread_pending_messages_in_buckets	leq	10	7.0
1777922945.958391	zeek	gauge	zeek_msgthread_pending_messages_in_buckets	leq	1	7.0
1777922945.958391	zeek	gauge	zeek_msgthread_pending_messages_out_buckets	leq	inf	7.0
1777922945.958391	zeek	gauge	zeek_msgthread_pending_messages_out_buckets	leq	10000	7.0
1777922945.958391	zeek	gauge	zeek_msgthread_pending_messages_out_buckets	leq	1000	7.0
1777922945.958391	zeek	gauge	zeek_msgthread_pending_messages_out_buckets	leq	100	7.0
1777922945.958391	zeek	gauge	zeek_msgthread_pending_messages_out_buckets	leq	10	7.0
1777922945.958391	zeek	gauge	zeek_msgthread_pending_messages_out_buckets	leq	1	7.0
1777922945.958391	zeek	gauge	zeek_broker_peers	(empty)	(empty)	0.0
1777922945.958391	zeek	gauge	zeek_broker_stores	(empty)	(empty)	1.0
1777922945.958391	zeek	gauge	zeek_broker_pending_queries	(empty)	(empty)	0.0
1777922945.958391	zeek	gauge	zeek_timers_lag_time_seconds	(empty)	(empty)	0.000783
1777922945.958391	zeek	gauge	zeek_timers_pending	type	LogDelayExpire	0.0
1777922945.958391	zeek	gauge	zeek_timers_pending	type	ThreadHeartbeat	1.0
1777922945.958391	zeek	gauge	zeek_timers_pending	type	TimerMgrExpireTimer	0.0
1777922945.958391	zeek	gauge	zeek_timers_pending	type	ParentProcessIDCheck	0.0
1777922945.958391	zeek	gauge	zeek_timers_pending	type	FragTimer	0.0
1777922945.958391	zeek	gauge	zeek_timers_pending	type	RotateTimer	0.0
1777922945.958391	zeek	gauge	zeek_timers_pending	type	FlowWeirdTimer	0.0
1777922945.958391	zeek	gauge	zeek_timers_pending	type	FileAnalysisInactivityTimer	0.0
1777922945.958391	zeek	gauge	zeek_timers_pending	type	StorageExpire	1.0
1777922945.958391	zeek	gauge	zeek_timers_pending	type	ConnectionInactivityTimer	0.0
1777922945.958391	zeek	gauge	zeek_timers_pending	type	TCPConnectionExpireTimer	0.0
1777922945.958391	zeek	gauge	zeek_timers_pending	type	ConnectionStatusUpdateTimer	0.0
1777922945.958391	zeek	gauge	zeek_timers_pending	type	LogFlushWriteBufferTimer	1.0
1777922945.958391	zeek	gauge	zeek_timers_pending	type	NetWeirdTimer	0.0
1777922945.958391	zeek	gauge	zeek_timers_pending	type	InterconnTimer	0.0
1777922945.958391	zeek	gauge	zeek_timers_pending	type	IPTunnelInactivityTimer	0.0
1777922945.958391	zeek	gauge	zeek_timers_pending	type	DNSExpireTimer	0.0
1777922945.958391	zeek	gauge	zeek_timers_pending	type	UnknownProtocolExpire	0.0
1777922945.958391	zeek	gauge	zeek_timers_pending	type	ProfileTimer	0.0
1777922945.958391	zeek	gauge	zeek_timers_pending	type	ConnectionExpireTimer	0.0
1777922945.958391	zeek	gauge	zeek_timers_pending	type	BreakpointTimer	0.0
1777922945.958391	zeek	gauge	zeek_timers_pending	type	BackdoorTimer	0.0
1777922945.958391	zeek	gauge	zeek_timers_pending	type	NetbiosExpireTimer	0.0
1777922945.958391	zeek	gauge	zeek_timers_pending	type	NetworkTimer	0.0
1777922945.958391	zeek	gauge	zeek_timers_pending	type	RemoveConnection	0.0
1777922945.958391	zeek	gauge	zeek_timers_pending	type	TCPConnectionResetTimer	0.0
1777922945.958391	zeek	gauge	zeek_timers_pending	type	ConnTupleWeirdTimer	0.0
1777922945.958391	zeek	gauge	zeek_timers_pending	type	TCPConnectionDeleteTimer	0.0
1777922945.958391	zeek	gauge	zeek_timers_pending	type	ScheduleTimer	6.0
1777922945.958391	zeek	gauge	zeek_timers_pending	type	NTPExpireTimer	0.0
1777922945.958391	zeek	gauge	zeek_timers_pending	type	RPCExpireTimer	0.0
1777922945.958391	zeek	gauge	zeek_timers_pending	type	ConnectionDeleteTimer	0.0
1777922945.958391	zeek	gauge	zeek_timers_pending	type	TriggerTimer	0.0
1777922945.958391	zeek	gauge	zeek_timers_pending	type	TableValTimer	34.0
1777922945.958391	zeek	gauge	zeek_timers_pending	type	TCPConnectionAttemptTimer	0.0
1777922945.958391	zeek	gauge	zeek_timers_pending	type	TCPConnectionPartialClose	0.0
1777922945.958391	zeek	gauge	zeek_dnsmgr_pending_asyncs_requests	(empty)	(empty)	0.0
1777922945.958391	zeek	gauge	zeek_dnsmgr_cache_entries	type	text	0.0
1777922945.958391	zeek	gauge	zeek_dnsmgr_cache_entries	type	address	0.0
1777922945.958391	zeek	gauge	zeek_dnsmgr_cache_entries	type	host	0.0
1777922945.958391	zeek	gauge	zeek_pending_triggers	(empty)	(empty)	0.0
1777922945.958391	zeek	gauge	zeek_active_sessions	protocol	icmp	0.0
1777922945.958391	zeek	gauge	zeek_active_sessions	protocol	udp	0.0
1777922945.958391	zeek	gauge	zeek_active_sessions	protocol	tcp	0.0
1777922945.958391	zeek	counter	process_cpu_user_seconds_total	(empty)	(empty)	0.54
1777922945.958391	zeek	counter	process_cpu_system_seconds_total	(empty)	(empty)	0.18
1777922945.958391	zeek	gauge	process_resident_memory_bytes	(empty)	(empty)	283570176.0
1777922945.958391	zeek	gauge	process_virtual_memory_bytes	(empty)	(empty)	1543417856.0
1777922945.958391	zeek	gauge	process_open_fds	(empty)	(empty)	43.0
1777922945.958391	zeek	gauge	process_start_time_seconds	(empty)	(empty)	1777922765.136601
